[0m[32mTask[0m [0m[36mverify[0m deno run --allow-read --allow-write --allow-env harness.ts && deno check --config check.deno.json out/client/*.ts out/types/*.ts
artifacts written to out/: 6
  client/AddressesClient.generated.ts
  client/OrdersClient.generated.ts
  types/address.generated.ts
  types/order.generated.ts
  types/orderItem.generated.ts
  types/orderStatus.generated.ts
results: {"success":10}
parseIssues: 0
[0m[32mCheck[0m out/client/AddressesClient.generated.ts
[0m[32mCheck[0m out/client/OrdersClient.generated.ts
[0m[32mCheck[0m out/types/address.generated.ts
[0m[32mCheck[0m out/types/order.generated.ts
[0m[32mCheck[0m out/types/orderItem.generated.ts
[0m[32mCheck[0m out/types/orderStatus.generated.ts
[0m[1mTS7006 [0m[ERROR]: Parameter 'id' implicitly has an 'any' type.
  async getApiAddressesId(id): Promise<address> {
[0m[31m                          ~~[0m
    at [0m[36mfile:///private/var/folders/zm/gsy264sn75dcq_3nksyr_q640000gn/T/skmtc-exp/scaffold-pilot-2/out/client/AddressesClient.generated.ts[0m:[0m[33m5[0m:[0m[33m27[0m

[0m[1mTS2749 [0m[ERROR]: 'address' refers to a value, but is being used as a type here. Did you mean 'typeof address'?
  async getApiAddressesId(id): Promise<address> {
[0m[31m                                       ~~~~~~~[0m
    at [0m[36mfile:///private/var/folders/zm/gsy264sn75dcq_3nksyr_q640000gn/T/skmtc-exp/scaffold-pilot-2/out/client/AddressesClient.generated.ts[0m:[0m[33m5[0m:[0m[33m40[0m

[0m[1mTS2749 [0m[ERROR]: 'getApiOrdersResponse' refers to a value, but is being used as a type here. Did you mean 'typeof getApiOrdersResponse'?
  async getApiOrders(): Promise<getApiOrdersResponse> {
[0m[31m                                ~~~~~~~~~~~~~~~~~~~~[0m
    at [0m[36mfile:///private/var/folders/zm/gsy264sn75dcq_3nksyr_q640000gn/T/skmtc-exp/scaffold-pilot-2/out/client/OrdersClient.generated.ts[0m:[0m[33m6[0m:[0m[33m33[0m

[0m[1mTS2749 [0m[ERROR]: 'order' refers to a value, but is being used as a type here. Did you mean 'typeof order'?
  async createApiOrders(body: unknown): Promise<order> {
[0m[31m                                                ~~~~~[0m
    at [0m[36mfile:///private/var/folders/zm/gsy264sn75dcq_3nksyr_q640000gn/T/skmtc-exp/scaffold-pilot-2/out/client/OrdersClient.generated.ts[0m:[0m[33m15[0m:[0m[33m49[0m

[0m[1mTS7006 [0m[ERROR]: Parameter 'id' implicitly has an 'any' type.
  async getApiOrdersId(id): Promise<order> {
[0m[31m                       ~~[0m
    at [0m[36mfile:///private/var/folders/zm/gsy264sn75dcq_3nksyr_q640000gn/T/skmtc-exp/scaffold-pilot-2/out/client/OrdersClient.generated.ts[0m:[0m[33m25[0m:[0m[33m24[0m

[0m[1mTS2749 [0m[ERROR]: 'order' refers to a value, but is being used as a type here. Did you mean 'typeof order'?
  async getApiOrdersId(id): Promise<order> {
[0m[31m                                    ~~~~~[0m
    at [0m[36mfile:///private/var/folders/zm/gsy264sn75dcq_3nksyr_q640000gn/T/skmtc-exp/scaffold-pilot-2/out/client/OrdersClient.generated.ts[0m:[0m[33m25[0m:[0m[33m37[0m

Found 6 errors.

[0m[1m[31merror[0m: Type checking failed.
